Run# 1001.1
Dataset: ../tranNM_final.csv
Records: 921   Observations: 599  Subjects: 240
Estimation Method(s):
 - MCMC Bayesian Analysis
[1;31mHeuristic Problems Detected: [0m
[31m - Large Condition Number[0m
+-------+--------+-----------+-------------------+
| THETA |  NAME  | ESTIMATE  |   STDERR (RSE)    |
+-------+--------+-----------+-------------------+
| TH 1  | THETA1 | -0.781944 | 0.139962 (17.9%)  |
| TH 2  | THETA2 | 5.7034    | 0.126721 (2.2%)   |
| TH 3  | THETA3 | 0.927234  | 0.00452754 (0.5%) |
| TH 4  | THETA4 | 0.312975  | [31m0.223964 (71.6%)[0m  |
| TH 5  | THETA5 | -11.7761  | 0.328198 (2.8%)   |
| TH 6  | THETA6 | 5.4667    | 1.13918 (20.8%)   |
+-------+--------+-----------+-------------------+
+------------+------+----------+
|   OMEGA    | ETA  | ESTIMATE |
+------------+------+----------+
| OMEGA(1,1) | ETA1 | 0.010501 |
| OMEGA(2,2) | ETA2 | 0.150807 |
| OMEGA(3,3) | ETA3 | 0.066902 |
| OMEGA(4,4) | ETA4 | 7.473050 |
+------------+------+----------+
