{
	"run_details": {
		"version": "7.4.4",
		"run_start": "-999999999",
		"run_end": "Wed May 20 16:45:38 EDT 2020",
		"estimation_time": 2,
		"cpu_time": 2.543,
		"function_evaluations": 366,
		"significant_digits": 3.2,
		"problem_text": "LEM PK model 1 cmt base",
		"mod_file": "-999999999",
		"estimation_method": [
			"First Order Conditional Estimation with Interaction"
		],
		"data_set": "../../data/acop.csv",
		"number_of_subjects": 40,
		"number_of_obs": 760,
		"number_of_data_records": 799,
		"output_files_used": [
			"acop_no_grd.lst",
			"acop_no_grd.cpu",
			"acop_no_grd.ext",
			"acop_no_grd.shk"
		]
	},
	"run_heuristics": {
		"covariance_step_aborted": false,
		"large_condition_number": false,
		"eigenvalue_issues": false,
		"correlations_not_ok": false,
		"parameter_near_boundary": false,
		"hessian_reset": false,
		"has_final_zero_gradient": false,
		"minimization_terminated": false,
		"eta_pval_significant": false,
		"prderr": false
	},
	"parameters_data": [
		{
			"method": "TABLE NO.     1: First Order Conditional Estimation with Interaction: Goal Function=MINIMUM VALUE OF OBJECTIVE FUNCTION: Problem=1 Subproblem=0 Superproblem1=0 Iteration1=0 Superproblem2=0 Iteration2=0",
			"estimates": {
				"theta": [
					2.31034,
					54.9596,
					464.659,
					-0.0805722,
					4.1303
				],
				"omega": [
					0.0964407,
					0,
					0.153571
				],
				"sigma": [
					1
				]
			},
			"std_err": {
				"theta": [
					0.086147,
					3.32914,
					29.6177,
					0.0555149,
					1.35989
				],
				"omega": [
					0.0200146,
					10000000000,
					0.026733
				],
				"sigma": [
					10000000000
				]
			},
			"random_effect_sd": {
				"omega": [
					0.310549,
					0,
					0.391882
				],
				"sigma": [
					1
				]
			},
			"random_effect_sdse": {
				"omega": [
					0.0322245,
					10000000000,
					0.0341085
				],
				"sigma": [
					10000000000
				]
			},
			"fixed": {
				"theta": [
					0,
					0,
					0,
					0,
					0
				],
				"omega": [
					0,
					1,
					0
				],
				"sigma": [
					1
				]
			}
		}
	],
	"parameter_names": {
		"theta": [
			"THETA1",
			"THETA2",
			"THETA3",
			"THETA4",
			"THETA5"
		],
		"omega": [
			"OMEGA(1,1)",
			"OMEGA(2,1)",
			"OMEGA(2,2)"
		],
		"sigma": [
			"SIGMA(1,1)"
		]
	},
	"ofv": [
		{
			"method": "First Order Conditional Estimation with Interaction",
			"ofv_no_constant": 2636.846,
			"constant_to_ofv": 1396.7865704711026,
			"ofv_with_constant": 4033.6323408001776
		}
	],
	"condition_number": [
		{
			"method": "First Order Conditional Estimation with Interaction",
			"condition_number": -999999999
		}
	],
	"shrinkage_details": [
		[
			{
				"sub_pop": 1,
				"eta_bar": [
					0.00179673,
					-0.00738995
				],
				"ebv_bar_se": [
					0.0399941,
					0.0599224
				],
				"pval": [
					0.964167,
					0.901849
				],
				"eta_sd": [
					17.5115,
					2.05962
				],
				"eps_sd": [
					4.09105
				],
				"ebv_sd": [
					18.5247,
					2.54114
				],
				"num_subjects": [
					40,
					40
				],
				"eta_vr": [
					31.9565,
					4.07682
				],
				"eps_vr": [
					8.01472
				],
				"ebv_vr": [
					33.6177,
					5.0177
				]
			}
		]
	]
}
