RUN# example2 (from sampc)
Dataset: ../example2.csv
Records: 2400   Observations: 2000  Subjects: 400
Estimation Method(s):
 - Stochastic Approximation Expectation-Maximization
 - Objective Function Evaluation by Importance Sampling
[1;31mHeuristic Problems Detected: [0m
[31m - Large Condition Number[0m
+-------+---------+------------+--------------------+
| THETA |  NAME   |  ESTIMATE  |    STDERR (RSE)    |
+-------+---------+------------+--------------------+
| TH 1  | THETA1  | 1.45321    | [31m0.454598 (31.3%)[0m   |
| TH 2  | THETA2  | 2.02404    | 0.345813 (17.1%)   |
| TH 3  | THETA3  | -0.389586  | 0.115886 (29.7%)   |
| TH 4  | THETA4  | -0.26794   | [31m0.0916079 (34.2%)[0m  |
| TH 5  | THETA5  | 0.0061369  | [31m0.403565 (6576.0%)[0m |
| TH 6  | THETA6  | 0.994208   | 0.247447 (24.9%)   |
| TH 7  | THETA7  | 0.207939   | [31m0.102 (49.1%)[0m      |
| TH 8  | THETA8  | -0.0792681 | [31m0.0697687 (88.0%)[0m  |
| TH 9  | THETA9  | 0.307834   | [31m0.130701 (42.5%)[0m   |
| TH 10 | THETA10 | 1.55347    | 0.0567104 (3.7%)   |
| TH 11 | THETA11 | 0.334152   | [31m0.104926 (31.4%)[0m   |
| TH 12 | THETA12 | -0.38885   | [31m0.166613 (42.8%)[0m   |
+-------+---------+------------+--------------------+
+------------+------+----------+---------------+
|   OMEGA    | ETA  | ESTIMATE | SHRINKAGE (%) |
+------------+------+----------+---------------+
| OMEGA(1,1) | ETA1 | 0.945168 | [31m76.822300[0m     |
| OMEGA(2,2) | ETA2 | 3.928040 | [31m76.952600[0m     |
| OMEGA(3,3) | ETA3 | 2.901120 | [31m83.325500[0m     |
| OMEGA(4,4) | ETA4 | 2.643560 | [31m80.524600[0m     |
+------------+------+----------+---------------+
