LEM 10 mixture model and IOV on CL
Dataset: ../MixSim.csv
Records: 13500   Observations: 12600  Subjects: 300
Estimation Method(s):
 - First Order Conditional Estimation
[1;31mHeuristic Problems Detected: [0m
[31m - Parameter Near Boundary[0m
[31m - Final Zero Gradient[0m
+-------+--------+----------+--------------+
| THETA |  NAME  | ESTIMATE | STDERR (RSE) |
+-------+--------+----------+--------------+
| TH 1  | THETA1 | 14.3605  | -            |
| TH 2  | THETA2 | 100.521  | -            |
| TH 3  | THETA3 | 0.822632 | -            |
| TH 4  | THETA4 | 1.0446   | -            |
| TH 5  | THETA5 | 1.67825  | -            |
| TH 6  | THETA6 | 0.856771 | -            |
+-------+--------+----------+--------------+
+------------+------+----------+--------------------+--------------------+
|   OMEGA    | ETA  | ESTIMATE | POP1 SHRINKAGE (%) | POP2 SHRINKAGE (%) |
+------------+------+----------+--------------------+--------------------+
| OMEGA(1,1) | ETA1 | 0.048361 | 13.971700          | 21.355300          |
| OMEGA(2,2) | ETA2 | 0.043812 | 4.730450           | 3.503360           |
| OMEGA(3,3) | ETA3 | 0.038457 | 18.715100          | 18.301400          |
| OMEGA(4,4) | ETA4 | 0.038457 | 16.893300          | 25.362100          |
| OMEGA(5,5) | ETA5 | 0.038457 | 16.012100          | [31m34.828800[0m          |
+------------+------+----------+--------------------+--------------------+
